main.c:141:1:__io_putchar	16	static
main.c:151:6:Read_joystick	16	static
main.c:227:6:joystick_init	40	static
main.c:241:6:CAN_BUS_init	8	static
main.c:269:6:HAL_TIM_IC_CaptureCallback	16	static
main.c:329:6:MPU6050_Read_Accel	32	static
main.c:340:6:MPU6050_Read_Gyro	32	static
main.c:352:6:MPU6050_Init	104	static
main.c:472:6:Drone_Control_duel	16	static
main.c:560:6:Drone_Control_quad	16	static
main.c:679:6:ReadTF_Luna_init	32	static
main.c:687:6:ReadTF_Luna	32	static
main.c:708:5:VL53L1_Write	32	static
main.c:719:5:VL53L1_Read	32	static
main.c:733:6:VL53L1X_init	16	static
main.c:756:5:main	8	static
main.c:859:6:SystemClock_Config	88	static
main.c:907:13:MX_ADC1_Init	24	static
main.c:963:13:MX_CAN_Init	8	static
main.c:1001:13:MX_I2C1_Init	8	static
main.c:1036:13:MX_TIM2_Init	48	static
main.c:1099:13:MX_TIM3_Init	64	static
main.c:1179:13:MX_USART2_UART_Init	8	static
main.c:1213:13:MX_USART3_UART_Init	8	static
main.c:1245:13:MX_DMA_Init	16	static
main.c:1263:13:MX_GPIO_Init	24	static
main.c:1275:6:HAL_TIM_PeriodElapsedCallback	32	static
main.c:1357:6:Error_Handler	4	static
