stm32f1xx_it.c:93:6:NMI_Handler	4	static
stm32f1xx_it.c:106:6:HardFault_Handler	4	static
stm32f1xx_it.c:121:6:MemManage_Handler	4	static
stm32f1xx_it.c:136:6:BusFault_Handler	4	static
stm32f1xx_it.c:151:6:UsageFault_Handler	4	static
stm32f1xx_it.c:166:6:SVC_Handler	4	static
stm32f1xx_it.c:179:6:DebugMon_Handler	4	static
stm32f1xx_it.c:192:6:PendSV_Handler	4	static
stm32f1xx_it.c:205:6:SysTick_Handler	8	static
stm32f1xx_it.c:226:6:DMA1_Channel1_IRQHandler	8	static
stm32f1xx_it.c:240:6:USB_LP_CAN1_RX0_IRQHandler	48	static
stm32f1xx_it.c:277:6:TIM2_IRQHandler	8	static
stm32f1xx_it.c:291:6:TIM3_IRQHandler	8	static
